heddre